// Jest Snapshot v1, https://goo.gl/fbAQLP

exports[`snapshot test 1`] = `
<div
  className="App"
>
  <header
    className="App-header"
  >
    <img
      alt="logo"
      className="App-logo"
      src="logo.svg"
    />
    <h1
      className="App-title"
    >
      118 Term Project
    </h1>
  </header>
  <Col
    bsClass="col"
    componentClass="div"
    xs={3}
  />
  <Col
    bsClass="col"
    componentClass="div"
    xs={6}
  >
    <Form />
  </Col>
</div>
`;
